<html>
<body>
<pre>
<h1>µVision Build Log</h1>
<h2>Project:</h2>
I:\STM32Project\RTOS\Project\RVMDK\template.uvproj
Project File Date:  01/19/2017

<h2>Output:</h2>
Build target 'Template'
assembling startup_stm32f10x_hd.s...
compiling core_cm3.c...
compiling system_stm32f10x.c...
compiling misc.c...
compiling stm32f10x_adc.c...
compiling stm32f10x_bkp.c...
compiling stm32f10x_can.c...
compiling stm32f10x_cec.c...
compiling stm32f10x_crc.c...
compiling stm32f10x_dac.c...
compiling stm32f10x_dbgmcu.c...
compiling stm32f10x_dma.c...
compiling stm32f10x_exti.c...
compiling stm32f10x_flash.c...
compiling stm32f10x_fsmc.c...
compiling stm32f10x_gpio.c...
compiling stm32f10x_i2c.c...
compiling stm32f10x_iwdg.c...
compiling stm32f10x_pwr.c...
compiling stm32f10x_rcc.c...
compiling stm32f10x_rtc.c...
compiling stm32f10x_sdio.c...
compiling stm32f10x_spi.c...
compiling stm32f10x_tim.c...
compiling stm32f10x_usart.c...
compiling stm32f10x_wwdg.c...
compiling stm32f10x_it.c...
compiling main.c...
linking...
Program Size: Code=480 RO-data=320 RW-data=0 ZI-data=1024  
FromELF: creating hex file...
"..\..\Output\template.axf" - 0 Errors, 0 Warning(s).
Build target 'Template'
assembling startup_stm32f10x_hd.s...
compiling core_cm3.c...
compiling system_stm32f10x.c...
compiling misc.c...
compiling stm32f10x_adc.c...
compiling stm32f10x_bkp.c...
compiling stm32f10x_can.c...
compiling stm32f10x_cec.c...
compiling stm32f10x_crc.c...
compiling stm32f10x_dac.c...
compiling stm32f10x_dbgmcu.c...
compiling stm32f10x_dma.c...
compiling stm32f10x_exti.c...
compiling stm32f10x_flash.c...
compiling stm32f10x_fsmc.c...
compiling stm32f10x_gpio.c...
compiling stm32f10x_i2c.c...
compiling stm32f10x_iwdg.c...
compiling stm32f10x_pwr.c...
compiling stm32f10x_rcc.c...
compiling stm32f10x_rtc.c...
compiling stm32f10x_sdio.c...
compiling stm32f10x_spi.c...
compiling stm32f10x_tim.c...
compiling stm32f10x_usart.c...
compiling stm32f10x_wwdg.c...
compiling stm32f10x_it.c...
compiling main.c...
compiling croutine.c...
compiling event_groups.c...
compiling list.c...
compiling queue.c...
compiling tasks.c...
compiling timers.c...
compiling heap_4.c...
compiling port.c...
linking...
..\..\Output\template.axf: Error: L6200E: Symbol SVC_Handler multiply defined (by port.o and stm32f10x_it.o).
..\..\Output\template.axf: Error: L6200E: Symbol PendSV_Handler multiply defined (by port.o and stm32f10x_it.o).
"..\..\Output\template.axf" - 2 Errors, 0 Warning(s).
Target not created
Build target 'Template'
compiling core_cm3.c...
compiling system_stm32f10x.c...
compiling misc.c...
compiling stm32f10x_adc.c...
compiling stm32f10x_bkp.c...
compiling stm32f10x_can.c...
compiling stm32f10x_cec.c...
compiling stm32f10x_crc.c...
compiling stm32f10x_dac.c...
compiling stm32f10x_dbgmcu.c...
compiling stm32f10x_dma.c...
compiling stm32f10x_exti.c...
compiling stm32f10x_flash.c...
compiling stm32f10x_fsmc.c...
compiling stm32f10x_gpio.c...
compiling stm32f10x_i2c.c...
compiling stm32f10x_iwdg.c...
compiling stm32f10x_pwr.c...
compiling stm32f10x_rcc.c...
compiling stm32f10x_rtc.c...
compiling stm32f10x_sdio.c...
compiling stm32f10x_spi.c...
compiling stm32f10x_tim.c...
compiling stm32f10x_usart.c...
compiling stm32f10x_wwdg.c...
compiling stm32f10x_it.c...
compiling main.c...
compiling croutine.c...
compiling event_groups.c...
compiling list.c...
compiling queue.c...
compiling tasks.c...
compiling timers.c...
compiling heap_4.c...
compiling port.c...
linking...
..\..\Output\template.axf: Error: L6200E: Symbol SVC_Handler multiply defined (by port.o and stm32f10x_it.o).
..\..\Output\template.axf: Error: L6200E: Symbol PendSV_Handler multiply defined (by port.o and stm32f10x_it.o).
..\..\Output\template.axf: Error: L6200E: Symbol SysTick_Handler multiply defined (by port.o and stm32f10x_it.o).
"..\..\Output\template.axf" - 3 Errors, 0 Warning(s).
Target not created
Build target 'Template'
compiling croutine.c...
compiling event_groups.c...
compiling list.c...
compiling queue.c...
compiling tasks.c...
compiling timers.c...
compiling heap_4.c...
compiling port.c...
linking...
Program Size: Code=480 RO-data=320 RW-data=0 ZI-data=1024  
FromELF: creating hex file...
"..\..\Output\template.axf" - 0 Errors, 0 Warning(s).
Build target 'Template'
linking...
Program Size: Code=480 RO-data=320 RW-data=0 ZI-data=1024  
FromELF: creating hex file...
"..\..\Output\template.axf" - 0 Errors, 0 Warning(s).
Rebuild target 'Template'
assembling startup_stm32f10x_hd.s...
compiling core_cm3.c...
compiling system_stm32f10x.c...
compiling misc.c...
compiling stm32f10x_adc.c...
compiling stm32f10x_bkp.c...
compiling stm32f10x_can.c...
compiling stm32f10x_cec.c...
compiling stm32f10x_crc.c...
compiling stm32f10x_dac.c...
compiling stm32f10x_dbgmcu.c...
compiling stm32f10x_dma.c...
compiling stm32f10x_exti.c...
compiling stm32f10x_flash.c...
compiling stm32f10x_fsmc.c...
compiling stm32f10x_gpio.c...
compiling stm32f10x_i2c.c...
compiling stm32f10x_iwdg.c...
compiling stm32f10x_pwr.c...
compiling stm32f10x_rcc.c...
compiling stm32f10x_rtc.c...
compiling stm32f10x_sdio.c...
compiling stm32f10x_spi.c...
compiling stm32f10x_tim.c...
compiling stm32f10x_usart.c...
compiling stm32f10x_wwdg.c...
compiling stm32f10x_it.c...
compiling main.c...
compiling croutine.c...
compiling event_groups.c...
compiling list.c...
compiling queue.c...
compiling tasks.c...
compiling timers.c...
compiling heap_4.c...
compiling port.c...
linking...
Program Size: Code=480 RO-data=320 RW-data=0 ZI-data=1024  
FromELF: creating hex file...
"..\..\Output\template.axf" - 0 Errors, 0 Warning(s).
Build target 'Template'
compiling croutine.c...
compiling event_groups.c...
compiling list.c...
compiling queue.c...
compiling tasks.c...
compiling timers.c...
compiling heap_4.c...
compiling port.c...
linking...
..\..\Output\template.axf: Error: L6200E: Symbol SVC_Handler multiply defined (by port.o and stm32f10x_it.o).
"..\..\Output\template.axf" - 1 Errors, 0 Warning(s).
Target not created
Build target 'Template'
compiling stm32f10x_it.c...
compiling croutine.c...
compiling event_groups.c...
compiling list.c...
compiling queue.c...
compiling tasks.c...
compiling timers.c...
compiling heap_4.c...
compiling port.c...
linking...
Program Size: Code=1168 RO-data=336 RW-data=56 ZI-data=1224  
FromELF: creating hex file...
"..\..\Output\template.axf" - 0 Errors, 0 Warning(s).
Build target 'Template'
compiling stm32f10x_it.c...
linking...
..\..\Output\template.axf: Error: L6200E: Symbol SVC_Handler multiply defined (by port.o and stm32f10x_it.o).
..\..\Output\template.axf: Error: L6200E: Symbol PendSV_Handler multiply defined (by port.o and stm32f10x_it.o).
..\..\Output\template.axf: Error: L6200E: Symbol SysTick_Handler multiply defined (by port.o and stm32f10x_it.o).
"..\..\Output\template.axf" - 3 Errors, 0 Warning(s).
Target not created
Build target 'Template'
compiling main.c...
linking...
..\..\Output\template.axf: Error: L6200E: Symbol SVC_Handler multiply defined (by port.o and stm32f10x_it.o).
..\..\Output\template.axf: Error: L6200E: Symbol PendSV_Handler multiply defined (by port.o and stm32f10x_it.o).
..\..\Output\template.axf: Error: L6200E: Symbol SysTick_Handler multiply defined (by port.o and stm32f10x_it.o).
"..\..\Output\template.axf" - 3 Errors, 0 Warning(s).
Target not created
compiling main.c...
"..\..\User\main.c" - 0 Errors, 0 Warning(s).
Build target 'Template'
linking...
..\..\Output\template.axf: Error: L6200E: Symbol SVC_Handler multiply defined (by port.o and stm32f10x_it.o).
..\..\Output\template.axf: Error: L6200E: Symbol PendSV_Handler multiply defined (by port.o and stm32f10x_it.o).
..\..\Output\template.axf: Error: L6200E: Symbol SysTick_Handler multiply defined (by port.o and stm32f10x_it.o).
"..\..\Output\template.axf" - 3 Errors, 0 Warning(s).
Target not created
Build target 'Template'
compiling main.c...
linking...
..\..\Output\template.axf: Error: L6200E: Symbol SVC_Handler multiply defined (by port.o and stm32f10x_it.o).
..\..\Output\template.axf: Error: L6200E: Symbol PendSV_Handler multiply defined (by port.o and stm32f10x_it.o).
..\..\Output\template.axf: Error: L6200E: Symbol SysTick_Handler multiply defined (by port.o and stm32f10x_it.o).
"..\..\Output\template.axf" - 3 Errors, 0 Warning(s).
Target not created
Build target 'Template'
compiling stm32f10x_it.c...
linking...
Program Size: Code=3472 RO-data=376 RW-data=96 ZI-data=18632  
FromELF: creating hex file...
"..\..\Output\template.axf" - 0 Errors, 0 Warning(s).
Load "..\\..\\Output\\template.axf" 
